// Vitest Snapshot v1, https://vitest.dev/guide/snapshot.html

exports[`Card Component > renders correctly with full data 1`] = `
<div
  class="mb-4 flex items-center justify-between"
>
  <h3
    class="truncate text-xl font-semibold text-gray-800"
  >
    name: 
    John Doe
  </h3>
  <span
    class="rounded-full bg-blue-100 px-3 py-1 text-sm font-medium text-blue-800 capitalize"
  >
    male
  </span>
</div>
`;
