// Vitest Snapshot v1, https://vitest.dev/guide/snapshot.html

exports[`Card Component > matches snapshot 1`] = `
<div>
  <div
    class="rounded-lg bg-white p-4 shadow-md"
  >
    <div
      class="m-auto max-w-3xs"
    >
      <h2
        class="font-allura text-center text-4xl"
      >
        Test Character
      </h2>
      <ul>
        <li
          class="flex flex-row items-center gap-2"
        >
          Element:
          <img
            alt="Fire icon"
            class="h-8 w-8"
            src="/Diamond_Fire.png"
          />
          <span
            class="font-lobster tracking-widest"
          >
            Fire
          </span>
        </li>
        <li
          class="flex h-4 flex-row items-center gap-2"
        >
          Region:
          <img
            alt="Mondstadt icon"
            class="h-8 w-8"
            src="/Emblem_Mondstadt.png"
          />
          <span
            class="font-lobster tracking-widest"
          >
            Mondstadt
          </span>
        </li>
        <li
          class="flex flex-row gap-2"
        >
          Weapon:
          <span
            class="font-lobster tracking-widest"
          >
            Sword
          </span>
        </li>
      </ul>
    </div>
    <div
      class="mx-auto mt-2.5 h-96 max-w-2xs overflow-hidden bg-gray-300 animate-pulse"
    >
      <img
        alt="Test Character"
        class="h-full w-full object-cover transition-all duration-500 hover:scale-105 opacity-0"
        src="https://example.com/image.jpg"
      />
    </div>
  </div>
</div>
`;
