// Vitest Snapshot v1, https://vitest.dev/guide/snapshot.html

exports[`DetailCard component test > should match snapshot 1`] = `
<div>
  <div
    data-testid="sidebar"
  >
    <img
      alt="Diluc"
      class="mt-0 h-full w-full"
      data-image-class="hover:scale-100"
      data-testid="my-image"
      src="https://example.com/image.jpg"
    />
    <div
      class="absolute inset-x-0 bottom-0 bg-gradient-to-t from-black/70 from-30% p-4"
    >
      <h2
        class="font-allura text-5xl font-medium text-white"
      >
        Diluc
      </h2>
      <div
        class="grid grid-rows-[0fr] transition-all duration-500 group-hover:grid-rows-[1fr]"
      >
        <div
          class="mt-2 overflow-hidden text-white/80 opacity-0 transition duration-600 group-hover:opacity-100"
        >
          <p>
            Element: 
            Pyro
          </p>
          <p>
            Region: 
            Mondstadt
          </p>
          <p>
            Weapon: 
            Claymore
          </p>
        </div>
      </div>
    </div>
    <a
      class="absolute -top-5 -left-5 inline-flex items-center justify-center rounded-4xl bg-gray-100 p-2 text-gray-400 transition duration-300 hover:bg-blue-100 hover:text-gray-500 focus:ring-2 focus:ring-indigo-500 focus:outline-none focus:ring-inset hover:[&>svg]:stroke-red-500"
      data-discover="true"
      href="/"
    >
      <svg
        aria-hidden="true"
        class="h-6 w-6 stroke-black"
        fill="none"
        viewBox="0 0 24 24"
        xmlns="http://www.w3.org/2000/svg"
      >
        <path
          d="M6 18L18 6M6 6l12 12"
          stroke-linecap="round"
          stroke-linejoin="round"
          stroke-width="2"
        />
      </svg>
    </a>
  </div>
</div>
`;
