// Vitest Snapshot v1, https://vitest.dev/guide/snapshot.html

exports[`Header > matches snapshot 1`] = `
<div>
  <header
    class="mx-4 mt-3 flex flex-col gap-3 rounded-t-4xl bg-white bg-[url("/fon2.png")] bg-cover bg-center bg-no-repeat px-5 py-4 shadow-md md:flex-row"
  >
    <nav
      class="mx-3 self-auto md:self-center"
    >
      <ul
        class="flex items-center justify-evenly space-x-6"
      >
        <li>
          <a
            class="text-gray-700 transition-colors duration-200 hover:text-red-600 "
            data-discover="true"
            href="/about"
          >
            About
          </a>
        </li>
        <li>
          <a
            class="text-gray-700 transition-colors duration-200 hover:text-red-600 "
            data-discover="true"
            href="/search"
          >
            Home
          </a>
        </li>
      </ul>
    </nav>
  </header>
</div>
`;
