// Vitest Snapshot v1, https://vitest.dev/guide/snapshot.html

exports[`Loader snapshot test > should match snapshot 1`] = `
<div
  class="flex justify-center"
>
  <div
    class="relative mx-auto h-24 w-32"
  >
    <div
      class="absolute bottom-8 left-12 h-8 w-8 animate-[loading-bounce_0.5s_ease-in-out_infinite_alternate] rounded-full bg-blue-700"
    />
    <div
      class="absolute top-0 right-0 h-2 w-12 animate-[loading-step_1s_ease-in-out_infinite] rounded-b-sm shadow-blue-200"
    />
  </div>
</div>
`;
