// Vitest Snapshot v1, https://vitest.dev/guide/snapshot.html

exports[`SideBar Component > renders aside element with correct classes 1`] = `
<aside
  class="group sticky top-8 my-4 mr-4 flex h-[75vh] w-full flex-col transition-all hover:grow-[1.25] justify-center self-start rounded-lg bg-white align-middle shadow-md md:w-1/4"
>
  <div>
    Test Content
  </div>
</aside>
`;
